[2m2026-09-12T18:13:32.255230Z[0m [34mDEBUG[0m starting smolvm [3mversion[0m[2m=[0m"1.14.1"
Starting machine 'gate-restore2' and 1 port mapping(s)...
[2m2026-09-12T18:13:32.260771Z[0m [32m INFO[0m preparing agent VM launch [3mrootfs[0m[2m=[0m/private/tmp/cbre-0bkjipap/agent-rootfs [3mstorage[0m[2m=[0m/private/tmp/cbre-0bkjipap/h/Library/Caches/smolvm/vms/e5c58b858037e572/storage.qcow2 [3msocket[0m[2m=[0m/private/tmp/cbre-0bkjipap/h/Library/Caches/smolvm/vms/e5c58b858037e572/agent.sock [3mmount_count[0m[2m=[0m0
[2m2026-09-12T18:13:32.260892Z[0m [32m INFO[0m boot: disks ready [3melapsed_ms[0m[2m=[0m0
[2m2026-09-12T18:13:32.261085Z[0m [32m INFO[0m boot: config written [3melapsed_ms[0m[2m=[0m1
[2m2026-09-12T18:13:32.261438Z[0m [32m INFO[0m boot: subprocess spawned [3mpid[0m[2m=[0m80129 [3mspawn_ms[0m[2m=[0m0
[2m2026-09-12T18:13:32.261689Z[0m [34mDEBUG[0m waiting for agent to be ready
[2m2026-09-12T18:13:32.272550Z[0m [34mDEBUG[0m starting smolvm [3mversion[0m[2m=[0m"1.14.1"
[2m2026-09-12T18:13:32.440057Z[0m [32m INFO[0m clone agent ready (ping) [3melapsed_ms[0m[2m=[0m178
[2m2026-09-12T18:13:32.440224Z[0m [32m INFO[0m agent VM is ready [3mpid[0m[2m=[0m80129 [3mboot_ms[0m[2m=[0m178.73091699999998
Machine 'gate-restore2' running (PID: 80129)
[2m2026-09-12T18:13:32.616332Z[0m [34mDEBUG[0m agent manager detached, VM will continue running
[2m2026-09-12T18:13:42.290740Z[0m [34mDEBUG[0m starting smolvm [3mversion[0m[2m=[0m"1.14.1"
Starting machine 'gate-restore2' and 1 port mapping(s)...
[2m2026-09-12T18:13:42.297835Z[0m [32m INFO[0m preparing agent VM launch [3mrootfs[0m[2m=[0m/private/tmp/cbre-0bkjipap/agent-rootfs [3mstorage[0m[2m=[0m/private/tmp/cbre-0bkjipap/h/Library/Caches/smolvm/vms/e5c58b858037e572/storage.qcow2 [3msocket[0m[2m=[0m/private/tmp/cbre-0bkjipap/h/Library/Caches/smolvm/vms/e5c58b858037e572/agent.sock [3mmount_count[0m[2m=[0m0
[2m2026-09-12T18:13:42.298190Z[0m [32m INFO[0m boot: disks ready [3melapsed_ms[0m[2m=[0m1
[2m2026-09-12T18:13:42.298855Z[0m [32m INFO[0m boot: config written [3melapsed_ms[0m[2m=[0m2
[2m2026-09-12T18:13:42.299692Z[0m [32m INFO[0m boot: subprocess spawned [3mpid[0m[2m=[0m80460 [3mspawn_ms[0m[2m=[0m0
[2m2026-09-12T18:13:42.300449Z[0m [34mDEBUG[0m waiting for agent to be ready
[2m2026-09-12T18:13:42.310033Z[0m [34mDEBUG[0m starting smolvm [3mversion[0m[2m=[0m"1.14.1"
[2m2026-09-12T18:13:42.397445Z[0m [34mDEBUG[0m agent ready (doorbell) [3melapsed_ms[0m[2m=[0m97
[2m2026-09-12T18:13:42.397487Z[0m [32m INFO[0m agent VM is ready [3mpid[0m[2m=[0m80460 [3mboot_ms[0m[2m=[0m97.723667
Machine 'gate-restore2' running (PID: 80460)
[2m2026-09-12T18:13:42.457323Z[0m [34mDEBUG[0m agent manager detached, VM will continue running
