[2m2026-09-12T18:08:42.246515Z[0m [34mDEBUG[0m starting smolvm [3mversion[0m[2m=[0m"1.14.1"
[2m2026-09-12T18:08:42.257215Z[0m [32m INFO[0m creating sparse storage disk [3mpath[0m[2m=[0m/private/tmp/cbre-0bkjipap/h/Library/Caches/smolvm/vms/4a4c321dbf4f4cf0/storage.raw [3mdisk_type[0m[2m=[0m"storage" [3msize_gb[0m[2m=[0m1
[2m2026-09-12T18:08:42.258114Z[0m [32m INFO[0m creating sparse overlay disk [3mpath[0m[2m=[0m/private/tmp/cbre-0bkjipap/h/Library/Caches/smolvm/vms/4a4c321dbf4f4cf0/overlay.raw [3mdisk_type[0m[2m=[0m"overlay" [3msize_gb[0m[2m=[0m1
Starting machine 'gate-parent' and 1 port mapping(s)...
[2m2026-09-12T18:08:42.260872Z[0m [32m INFO[0m preparing agent VM launch [3mrootfs[0m[2m=[0m/private/tmp/cbre-0bkjipap/agent-rootfs [3mstorage[0m[2m=[0m/private/tmp/cbre-0bkjipap/h/Library/Caches/smolvm/vms/4a4c321dbf4f4cf0/storage.raw [3msocket[0m[2m=[0m/private/tmp/cbre-0bkjipap/h/Library/Caches/smolvm/vms/4a4c321dbf4f4cf0/agent.sock [3mmount_count[0m[2m=[0m0
[2m2026-09-12T18:09:10.722057Z[0m [34mDEBUG[0m found disk template [3mpath[0m[2m=[0m/Users/example/ws/pers/clankerbox/.work/real-local-engine/target/debug/overlay-template.ext4 [3mdisk_type[0m[2m=[0m"overlay"
[2m2026-09-12T18:09:10.722116Z[0m [32m INFO[0m copying overlay from template [3mtemplate[0m[2m=[0m/Users/example/ws/pers/clankerbox/.work/real-local-engine/target/debug/overlay-template.ext4 [3mtarget[0m[2m=[0m/private/tmp/cbre-0bkjipap/h/Library/Caches/smolvm/vms/4a4c321dbf4f4cf0/overlay.raw [3mdisk_type[0m[2m=[0m"overlay"
[2m2026-09-12T18:09:10.723061Z[0m [34mDEBUG[0m clonefile succeeded [3msrc[0m[2m=[0m/Users/example/ws/pers/clankerbox/.work/real-local-engine/target/debug/overlay-template.ext4 [3mdst[0m[2m=[0m/private/tmp/cbre-0bkjipap/h/Library/Caches/smolvm/vms/4a4c321dbf4f4cf0/overlay.raw
[2m2026-09-12T18:09:10.723083Z[0m [32m INFO[0m overlay copied from template [3mpath[0m[2m=[0m/private/tmp/cbre-0bkjipap/h/Library/Caches/smolvm/vms/4a4c321dbf4f4cf0/overlay.raw [3mdisk_type[0m[2m=[0m"overlay"
[2m2026-09-12T18:09:37.193990Z[0m [34mDEBUG[0m found disk template [3mpath[0m[2m=[0m/Users/example/ws/pers/clankerbox/.work/real-local-engine/target/debug/storage-template.ext4 [3mdisk_type[0m[2m=[0m"storage"
[2m2026-09-12T18:09:37.194029Z[0m [32m INFO[0m copying storage from template [3mtemplate[0m[2m=[0m/Users/example/ws/pers/clankerbox/.work/real-local-engine/target/debug/storage-template.ext4 [3mtarget[0m[2m=[0m/private/tmp/cbre-0bkjipap/h/Library/Caches/smolvm/vms/4a4c321dbf4f4cf0/storage.raw [3mdisk_type[0m[2m=[0m"storage"
[2m2026-09-12T18:09:37.194737Z[0m [34mDEBUG[0m clonefile succeeded [3msrc[0m[2m=[0m/Users/example/ws/pers/clankerbox/.work/real-local-engine/target/debug/storage-template.ext4 [3mdst[0m[2m=[0m/private/tmp/cbre-0bkjipap/h/Library/Caches/smolvm/vms/4a4c321dbf4f4cf0/storage.raw
[2m2026-09-12T18:09:37.194756Z[0m [32m INFO[0m storage copied from template [3mpath[0m[2m=[0m/private/tmp/cbre-0bkjipap/h/Library/Caches/smolvm/vms/4a4c321dbf4f4cf0/storage.raw [3mdisk_type[0m[2m=[0m"storage"
[2m2026-09-12T18:09:37.195677Z[0m [32m INFO[0m boot: disks ready [3melapsed_ms[0m[2m=[0m54936
[2m2026-09-12T18:09:37.198257Z[0m [32m INFO[0m boot: config written [3melapsed_ms[0m[2m=[0m54939
[2m2026-09-12T18:09:37.199827Z[0m [32m INFO[0m boot: subprocess spawned [3mpid[0m[2m=[0m72394 [3mspawn_ms[0m[2m=[0m1
[2m2026-09-12T18:09:37.200268Z[0m [34mDEBUG[0m waiting for agent to be ready
[2m2026-09-12T18:09:37.211660Z[0m [34mDEBUG[0m starting smolvm [3mversion[0m[2m=[0m"1.14.1"
[2m2026-09-12T18:09:37.844354Z[0m [34mDEBUG[0m agent ready (doorbell) [3melapsed_ms[0m[2m=[0m644
[2m2026-09-12T18:09:37.844448Z[0m [32m INFO[0m agent VM is ready [3mpid[0m[2m=[0m72394 [3mboot_ms[0m[2m=[0m644.5332089999999
Machine 'gate-parent' running (PID: 72394)
[2m2026-09-12T18:09:37.922716Z[0m [34mDEBUG[0m agent manager detached, VM will continue running
[2m2026-09-12T18:12:48.452122Z[0m [34mDEBUG[0m starting smolvm [3mversion[0m[2m=[0m"1.14.1"
Starting machine 'gate-parent' and 1 port mapping(s)...
[2m2026-09-12T18:12:48.460051Z[0m [32m INFO[0m preparing agent VM launch [3mrootfs[0m[2m=[0m/private/tmp/cbre-0bkjipap/agent-rootfs [3mstorage[0m[2m=[0m/private/tmp/cbre-0bkjipap/h/Library/Caches/smolvm/vms/4a4c321dbf4f4cf0/storage.qcow2 [3msocket[0m[2m=[0m/private/tmp/cbre-0bkjipap/h/Library/Caches/smolvm/vms/4a4c321dbf4f4cf0/agent.sock [3mmount_count[0m[2m=[0m0
[2m2026-09-12T18:12:48.460421Z[0m [32m INFO[0m boot: disks ready [3melapsed_ms[0m[2m=[0m1
[2m2026-09-12T18:12:48.460897Z[0m [32m INFO[0m boot: config written [3melapsed_ms[0m[2m=[0m2
[2m2026-09-12T18:12:48.461624Z[0m [32m INFO[0m boot: subprocess spawned [3mpid[0m[2m=[0m78435 [3mspawn_ms[0m[2m=[0m0
[2m2026-09-12T18:12:48.462449Z[0m [34mDEBUG[0m waiting for agent to be ready
[2m2026-09-12T18:12:48.472205Z[0m [34mDEBUG[0m starting smolvm [3mversion[0m[2m=[0m"1.14.1"
[2m2026-09-12T18:12:48.665021Z[0m [34mDEBUG[0m agent ready (doorbell) [3melapsed_ms[0m[2m=[0m202
[2m2026-09-12T18:12:48.665071Z[0m [32m INFO[0m agent VM is ready [3mpid[0m[2m=[0m78435 [3mboot_ms[0m[2m=[0m203.38541700000002
Machine 'gate-parent' running (PID: 78435)
[2m2026-09-12T18:12:48.702256Z[0m [34mDEBUG[0m agent manager detached, VM will continue running
