{
  "inherited": {
    "token": "1891421ea9d8b9bc",
    "pid": 415,
    "count": 1
  },
  "diverged": [
    {
      "token": "1891421ea9d8b9bc",
      "pid": 415,
      "count": 2
    },
    {
      "token": "1891421ea9d8b9bc",
      "pid": 415,
      "count": 3
    }
  ],
  "disk_independent": true,
  "capture": "Source resumed after 0.294s; packaging continued in the background\nCheckpointed 'gate-parent' to /home/clanker/cbre.WEMt4r/portable.smolcheckpoint (37 MiB compressed, 1.180s total, 0.294s source pause)\n",
  "after_capture": {
    "token": "1891421ea9d8b9bc",
    "pid": 415,
    "count": 2
  }
}
