[2m2026-09-12T18:10:20.107812Z[0m [34mDEBUG[0m starting smolvm [3mversion[0m[2m=[0m"1.14.1"
Checkpointing 'gate-parent' while keeping it running...
[2m2026-09-12T18:10:20.240654Z[0m [34mDEBUG[0m fork: kernel-fault userfaultfd unavailable; using materialized RAM generation
[2m2026-09-12T18:10:20.618945Z[0m [32m INFO[0m fork: golden RAM checkpoint written [3melapsed_ms[0m[2m=[0m378 [3mclones[0m[2m=[0m1 [3mresponse[0m[2m=[0mOK forked generation (running source, memfd pid 72394, 1 regions, 2 disks)
[2m2026-09-12T18:10:20.622785Z[0m [34mDEBUG[0m clonefile succeeded [3msrc[0m[2m=[0m/private/tmp/cbre-0bkjipap/h/Library/Caches/smolvm/vms/4a4c321dbf4f4cf0/storage.raw [3mdst[0m[2m=[0m/private/tmp/cbre-0bkjipap/h/Library/Caches/smolvm/vms/4240151867814f8e/storage.raw
[2m2026-09-12T18:10:20.623738Z[0m [34mDEBUG[0m clonefile succeeded [3msrc[0m[2m=[0m/private/tmp/cbre-0bkjipap/h/Library/Caches/smolvm/vms/4a4c321dbf4f4cf0/overlay.raw [3mdst[0m[2m=[0m/private/tmp/cbre-0bkjipap/h/Library/Caches/smolvm/vms/4240151867814f8e/overlay.raw
[2m2026-09-12T18:10:20.624296Z[0m [32m INFO[0m fork: clone disk overlays created [3mclone[0m[2m=[0m"gate-child" [3melapsed_ms[0m[2m=[0m2
  port 48182->18080 (pinned)
Booting child 'gate-child' from snapshot...
Starting machine 'gate-child' and 1 port mapping(s)...
[2m2026-09-12T18:10:20.629084Z[0m [32m INFO[0m preparing agent VM launch [3mrootfs[0m[2m=[0m/private/tmp/cbre-0bkjipap/agent-rootfs [3mstorage[0m[2m=[0m/private/tmp/cbre-0bkjipap/h/Library/Caches/smolvm/vms/4240151867814f8e/storage.raw [3msocket[0m[2m=[0m/private/tmp/cbre-0bkjipap/h/Library/Caches/smolvm/vms/4240151867814f8e/agent.sock [3mmount_count[0m[2m=[0m0
[2m2026-09-12T18:10:20.629340Z[0m [34mDEBUG[0m disk already formatted [3mpath[0m[2m=[0m/private/tmp/cbre-0bkjipap/h/Library/Caches/smolvm/vms/4240151867814f8e/overlay.raw [3mdisk_type[0m[2m=[0m"overlay"
[2m2026-09-12T18:10:20.629403Z[0m [34mDEBUG[0m disk already formatted [3mpath[0m[2m=[0m/private/tmp/cbre-0bkjipap/h/Library/Caches/smolvm/vms/4240151867814f8e/storage.raw [3mdisk_type[0m[2m=[0m"storage"
[2m2026-09-12T18:10:20.630058Z[0m [32m INFO[0m boot: disks ready [3melapsed_ms[0m[2m=[0m4
[2m2026-09-12T18:10:20.630825Z[0m [32m INFO[0m boot: config written [3melapsed_ms[0m[2m=[0m4
[2m2026-09-12T18:10:20.631793Z[0m [32m INFO[0m boot: subprocess spawned [3mpid[0m[2m=[0m73860 [3mspawn_ms[0m[2m=[0m0
[2m2026-09-12T18:10:20.633636Z[0m [34mDEBUG[0m waiting for agent to be ready
[2m2026-09-12T18:10:20.662585Z[0m [34mDEBUG[0m starting smolvm [3mversion[0m[2m=[0m"1.14.1"
[2m2026-09-12T18:10:20.970805Z[0m [32m INFO[0m clone agent ready (ping) [3melapsed_ms[0m[2m=[0m337
[2m2026-09-12T18:10:20.970857Z[0m [32m INFO[0m agent VM is ready [3mpid[0m[2m=[0m73860 [3mboot_ms[0m[2m=[0m338.992583
Machine 'gate-child' running (PID: 73860)
[2m2026-09-12T18:10:20.971184Z[0m [34mDEBUG[0m agent manager detached, VM will continue running
Branched 'gate-parent' -> 'gate-child'. Source continues running.
