[2m2026-09-12T18:11:48.568921Z[0m [34mDEBUG[0m starting smolvm [3mversion[0m[2m=[0m"1.14.1"
Checkpointing 'gate-parent' while keeping it running...
[2m2026-09-12T18:11:48.600897Z[0m [34mDEBUG[0m optional GPU dependency unavailable [3mlibrary[0m[2m=[0m"libepoxy.so.0" [3merror[0m[2m=[0mfailed to load libepoxy.so.0: libepoxy.so.0: cannot open shared object file: No such file or directory
[2m2026-09-12T18:11:48.600981Z[0m [34mDEBUG[0m optional GPU dependency unavailable [3mlibrary[0m[2m=[0m"libvirglrenderer.so.1" [3merror[0m[2m=[0mfailed to load libvirglrenderer.so.1: libvirglrenderer.so.1: cannot open shared object file: No such file or directory
[2m2026-09-12T18:11:48.604272Z[0m [34mDEBUG[0m fork: kernel-fault userfaultfd unavailable; using materialized RAM generation
[2m2026-09-12T18:11:48.627399Z[0m [32m INFO[0m fork: golden RAM checkpoint written [3melapsed_ms[0m[2m=[0m23 [3mclones[0m[2m=[0m1 [3mresponse[0m[2m=[0mOK forked generation (running source, memfd pid 2005440, 4 regions, 2 disks)
[2m2026-09-12T18:11:48.628728Z[0m [34mDEBUG[0m optional GPU dependency unavailable [3mlibrary[0m[2m=[0m"libepoxy.so.0" [3merror[0m[2m=[0mfailed to load libepoxy.so.0: libepoxy.so.0: cannot open shared object file: No such file or directory
[2m2026-09-12T18:11:48.628837Z[0m [34mDEBUG[0m optional GPU dependency unavailable [3mlibrary[0m[2m=[0m"libvirglrenderer.so.1" [3merror[0m[2m=[0mfailed to load libvirglrenderer.so.1: libvirglrenderer.so.1: cannot open shared object file: No such file or directory
[2m2026-09-12T18:11:48.631128Z[0m [32m INFO[0m fork: clone disk overlays created [3mclone[0m[2m=[0m"gate-child" [3melapsed_ms[0m[2m=[0m2
  port 48182->18080 (pinned)
Booting child 'gate-child' from snapshot...
Starting machine 'gate-child' and 1 port mapping(s)...
[2m2026-09-12T18:11:48.632462Z[0m [32m INFO[0m preparing agent VM launch [3mrootfs[0m[2m=[0m/home/clanker/cbre.WEMt4r/agent-rootfs [3mstorage[0m[2m=[0m/home/clanker/cbre.WEMt4r/c/smolvm/vms/4240151867814f8e/storage.qcow2 [3msocket[0m[2m=[0m/home/clanker/cbre.WEMt4r/c/smolvm/vms/4240151867814f8e/agent.sock [3mmount_count[0m[2m=[0m0
[2m2026-09-12T18:11:48.632497Z[0m [34mDEBUG[0m KVM access verified
[2m2026-09-12T18:11:48.633166Z[0m [32m INFO[0m boot: disks ready [3melapsed_ms[0m[2m=[0m1
[2m2026-09-12T18:11:48.633269Z[0m [32m INFO[0m boot: config written [3melapsed_ms[0m[2m=[0m1
[2m2026-09-12T18:11:48.633734Z[0m [32m INFO[0m boot: subprocess spawned [3mpid[0m[2m=[0m2005563 [3mspawn_ms[0m[2m=[0m0
[2m2026-09-12T18:11:48.633988Z[0m [34mDEBUG[0m waiting for agent to be ready
[2m2026-09-12T18:11:51.130775Z[0m [32m INFO[0m clone agent ready (ping) [3melapsed_ms[0m[2m=[0m2496
[2m2026-09-12T18:11:51.130828Z[0m [32m INFO[0m agent VM is ready [3mpid[0m[2m=[0m2005563 [3mboot_ms[0m[2m=[0m2497.076049
Machine 'gate-child' running (PID: 2005563)
[2m2026-09-12T18:11:51.131246Z[0m [34mDEBUG[0m agent manager detached, VM will continue running
Branched 'gate-parent' -> 'gate-child'. Source continues running.
