[2m2026-09-12T18:10:34.429080Z[0m [34mDEBUG[0m starting smolvm [3mversion[0m[2m=[0m"1.14.1"
[2m2026-09-12T18:10:34.430600Z[0m [32m INFO[0m creating sparse storage disk [3mpath[0m[2m=[0m/home/clanker/cbre.WEMt4r/c/smolvm/vms/4a4c321dbf4f4cf0/storage.raw [3mdisk_type[0m[2m=[0m"storage" [3msize_gb[0m[2m=[0m1
[2m2026-09-12T18:10:34.430656Z[0m [32m INFO[0m creating sparse overlay disk [3mpath[0m[2m=[0m/home/clanker/cbre.WEMt4r/c/smolvm/vms/4a4c321dbf4f4cf0/overlay.raw [3mdisk_type[0m[2m=[0m"overlay" [3msize_gb[0m[2m=[0m1
Starting machine 'gate-parent' and 1 port mapping(s)...
[2m2026-09-12T18:10:34.431156Z[0m [32m INFO[0m preparing agent VM launch [3mrootfs[0m[2m=[0m/home/clanker/cbre.WEMt4r/agent-rootfs [3mstorage[0m[2m=[0m/home/clanker/cbre.WEMt4r/c/smolvm/vms/4a4c321dbf4f4cf0/storage.raw [3msocket[0m[2m=[0m/home/clanker/cbre.WEMt4r/c/smolvm/vms/4a4c321dbf4f4cf0/agent.sock [3mmount_count[0m[2m=[0m0
[2m2026-09-12T18:10:34.431174Z[0m [34mDEBUG[0m KVM access verified
[2m2026-09-12T18:10:42.934673Z[0m [34mDEBUG[0m found disk template [3mpath[0m[2m=[0m/home/clanker/cbre.WEMt4r/bin/overlay-template.ext4 [3mdisk_type[0m[2m=[0m"overlay"
[2m2026-09-12T18:10:42.934722Z[0m [32m INFO[0m copying overlay from template [3mtemplate[0m[2m=[0m/home/clanker/cbre.WEMt4r/bin/overlay-template.ext4 [3mtarget[0m[2m=[0m/home/clanker/cbre.WEMt4r/c/smolvm/vms/4a4c321dbf4f4cf0/overlay.raw [3mdisk_type[0m[2m=[0m"overlay"
[2m2026-09-12T18:10:42.934827Z[0m [34mDEBUG[0m FICLONE unavailable, falling back to sparse copy [3msrc[0m[2m=[0m/home/clanker/cbre.WEMt4r/bin/overlay-template.ext4 [3merror[0m[2m=[0mOperation not supported (os error 95)
[2m2026-09-12T18:10:42.936181Z[0m [34mDEBUG[0m sparse copy succeeded [3msrc[0m[2m=[0m/home/clanker/cbre.WEMt4r/bin/overlay-template.ext4 [3mdst[0m[2m=[0m/home/clanker/cbre.WEMt4r/c/smolvm/vms/4a4c321dbf4f4cf0/overlay.raw [3mbytes_copied[0m[2m=[0m2621440
[2m2026-09-12T18:10:42.936191Z[0m [32m INFO[0m overlay copied from template [3mpath[0m[2m=[0m/home/clanker/cbre.WEMt4r/c/smolvm/vms/4a4c321dbf4f4cf0/overlay.raw [3mdisk_type[0m[2m=[0m"overlay"
[2m2026-09-12T18:10:52.429912Z[0m [34mDEBUG[0m found disk template [3mpath[0m[2m=[0m/home/clanker/cbre.WEMt4r/bin/storage-template.ext4 [3mdisk_type[0m[2m=[0m"storage"
[2m2026-09-12T18:10:52.429968Z[0m [32m INFO[0m copying storage from template [3mtemplate[0m[2m=[0m/home/clanker/cbre.WEMt4r/bin/storage-template.ext4 [3mtarget[0m[2m=[0m/home/clanker/cbre.WEMt4r/c/smolvm/vms/4a4c321dbf4f4cf0/storage.raw [3mdisk_type[0m[2m=[0m"storage"
[2m2026-09-12T18:10:52.430074Z[0m [34mDEBUG[0m FICLONE unavailable, falling back to sparse copy [3msrc[0m[2m=[0m/home/clanker/cbre.WEMt4r/bin/storage-template.ext4 [3merror[0m[2m=[0mOperation not supported (os error 95)
[2m2026-09-12T18:10:52.431546Z[0m [34mDEBUG[0m sparse copy succeeded [3msrc[0m[2m=[0m/home/clanker/cbre.WEMt4r/bin/storage-template.ext4 [3mdst[0m[2m=[0m/home/clanker/cbre.WEMt4r/c/smolvm/vms/4a4c321dbf4f4cf0/storage.raw [3mbytes_copied[0m[2m=[0m2621440
[2m2026-09-12T18:10:52.431557Z[0m [32m INFO[0m storage copied from template [3mpath[0m[2m=[0m/home/clanker/cbre.WEMt4r/c/smolvm/vms/4a4c321dbf4f4cf0/storage.raw [3mdisk_type[0m[2m=[0m"storage"
[2m2026-09-12T18:10:52.431775Z[0m [32m INFO[0m boot: disks ready [3melapsed_ms[0m[2m=[0m18001
[2m2026-09-12T18:10:52.431949Z[0m [32m INFO[0m boot: config written [3melapsed_ms[0m[2m=[0m18001
[2m2026-09-12T18:10:52.432703Z[0m [32m INFO[0m boot: subprocess spawned [3mpid[0m[2m=[0m2005440 [3mspawn_ms[0m[2m=[0m0
[2m2026-09-12T18:10:52.432850Z[0m [34mDEBUG[0m waiting for agent to be ready
[2m2026-09-12T18:10:52.745042Z[0m [34mDEBUG[0m agent ready (doorbell) [3melapsed_ms[0m[2m=[0m312
[2m2026-09-12T18:10:52.745079Z[0m [32m INFO[0m agent VM is ready [3mpid[0m[2m=[0m2005440 [3mboot_ms[0m[2m=[0m312.363351
Machine 'gate-parent' running (PID: 2005440)
[2m2026-09-12T18:10:52.765560Z[0m [34mDEBUG[0m agent manager detached, VM will continue running
[2m2026-09-12T18:44:37.191190Z[0m [34mDEBUG[0m starting smolvm [3mversion[0m[2m=[0m"1.14.1"
Starting machine 'gate-parent' and 1 port mapping(s)...
[2m2026-09-12T18:44:37.193103Z[0m [32m INFO[0m preparing agent VM launch [3mrootfs[0m[2m=[0m/home/clanker/cbre.WEMt4r/agent-rootfs [3mstorage[0m[2m=[0m/home/clanker/cbre.WEMt4r/c/smolvm/vms/4a4c321dbf4f4cf0/storage.qcow2 [3msocket[0m[2m=[0m/home/clanker/cbre.WEMt4r/c/smolvm/vms/4a4c321dbf4f4cf0/agent.sock [3mmount_count[0m[2m=[0m0
[2m2026-09-12T18:44:37.193121Z[0m [34mDEBUG[0m KVM access verified
[2m2026-09-12T18:44:37.193711Z[0m [32m INFO[0m boot: disks ready [3melapsed_ms[0m[2m=[0m1
[2m2026-09-12T18:44:37.193769Z[0m [32m INFO[0m boot: config written [3melapsed_ms[0m[2m=[0m1
[2m2026-09-12T18:44:37.194187Z[0m [32m INFO[0m boot: subprocess spawned [3mpid[0m[2m=[0m2005932 [3mspawn_ms[0m[2m=[0m0
[2m2026-09-12T18:44:37.194307Z[0m [34mDEBUG[0m waiting for agent to be ready
[2m2026-09-12T18:44:37.457181Z[0m [34mDEBUG[0m agent ready (doorbell) [3melapsed_ms[0m[2m=[0m262
[2m2026-09-12T18:44:37.457199Z[0m [32m INFO[0m agent VM is ready [3mpid[0m[2m=[0m2005932 [3mboot_ms[0m[2m=[0m263.00396
Machine 'gate-parent' running (PID: 2005932)
[2m2026-09-12T18:44:37.474706Z[0m [34mDEBUG[0m agent manager detached, VM will continue running
