[2m2026-09-12T18:44:39.874052Z[0m [34mDEBUG[0m starting smolvm [3mversion[0m[2m=[0m"1.14.1"
Starting machine 'gate-restore' and 1 port mapping(s)...
[2m2026-09-12T18:44:39.875897Z[0m [32m INFO[0m preparing agent VM launch [3mrootfs[0m[2m=[0m/home/clanker/cbre.WEMt4r/agent-rootfs [3mstorage[0m[2m=[0m/home/clanker/cbre.WEMt4r/c/smolvm/vms/7088adfab3d8047f/storage.qcow2 [3msocket[0m[2m=[0m/home/clanker/cbre.WEMt4r/c/smolvm/vms/7088adfab3d8047f/agent.sock [3mmount_count[0m[2m=[0m0
[2m2026-09-12T18:44:39.875915Z[0m [34mDEBUG[0m KVM access verified
[2m2026-09-12T18:44:39.876366Z[0m [32m INFO[0m boot: disks ready [3melapsed_ms[0m[2m=[0m0
[2m2026-09-12T18:44:39.876420Z[0m [32m INFO[0m boot: config written [3melapsed_ms[0m[2m=[0m0
[2m2026-09-12T18:44:39.876816Z[0m [32m INFO[0m boot: subprocess spawned [3mpid[0m[2m=[0m2006044 [3mspawn_ms[0m[2m=[0m0
[2m2026-09-12T18:44:39.876942Z[0m [34mDEBUG[0m waiting for agent to be ready
[2m2026-09-12T18:44:39.979616Z[0m [32m INFO[0m clone agent ready (ping) [3melapsed_ms[0m[2m=[0m102
[2m2026-09-12T18:44:39.979665Z[0m [32m INFO[0m agent VM is ready [3mpid[0m[2m=[0m2006044 [3mboot_ms[0m[2m=[0m102.838814
Machine 'gate-restore' running (PID: 2006044)
[2m2026-09-12T18:44:40.092025Z[0m [34mDEBUG[0m agent manager detached, VM will continue running
[2m2026-09-12T18:44:40.505942Z[0m [34mDEBUG[0m starting smolvm [3mversion[0m[2m=[0m"1.14.1"
Starting machine 'gate-restore' and 1 port mapping(s)...
[2m2026-09-12T18:44:40.507819Z[0m [32m INFO[0m preparing agent VM launch [3mrootfs[0m[2m=[0m/home/clanker/cbre.WEMt4r/agent-rootfs [3mstorage[0m[2m=[0m/home/clanker/cbre.WEMt4r/c/smolvm/vms/7088adfab3d8047f/storage.qcow2 [3msocket[0m[2m=[0m/home/clanker/cbre.WEMt4r/c/smolvm/vms/7088adfab3d8047f/agent.sock [3mmount_count[0m[2m=[0m0
[2m2026-09-12T18:44:40.507837Z[0m [34mDEBUG[0m KVM access verified
[2m2026-09-12T18:44:40.508301Z[0m [32m INFO[0m boot: disks ready [3melapsed_ms[0m[2m=[0m0
[2m2026-09-12T18:44:40.508354Z[0m [32m INFO[0m boot: config written [3melapsed_ms[0m[2m=[0m0
[2m2026-09-12T18:44:40.508866Z[0m [32m INFO[0m boot: subprocess spawned [3mpid[0m[2m=[0m2006103 [3mspawn_ms[0m[2m=[0m0
[2m2026-09-12T18:44:40.508991Z[0m [34mDEBUG[0m waiting for agent to be ready
[2m2026-09-12T18:44:40.759466Z[0m [34mDEBUG[0m agent ready (doorbell) [3melapsed_ms[0m[2m=[0m250
[2m2026-09-12T18:44:40.759483Z[0m [32m INFO[0m agent VM is ready [3mpid[0m[2m=[0m2006103 [3mboot_ms[0m[2m=[0m250.60873
Machine 'gate-restore' running (PID: 2006103)
[2m2026-09-12T18:44:40.776792Z[0m [34mDEBUG[0m agent manager detached, VM will continue running
[2m2026-09-12T18:44:41.784266Z[0m [34mDEBUG[0m starting smolvm [3mversion[0m[2m=[0m"1.14.1"
Starting machine 'gate-restore' and 1 port mapping(s)...
[2m2026-09-12T18:44:41.786175Z[0m [32m INFO[0m preparing agent VM launch [3mrootfs[0m[2m=[0m/home/clanker/cbre.WEMt4r/agent-rootfs [3mstorage[0m[2m=[0m/home/clanker/cbre.WEMt4r/c/smolvm/vms/7088adfab3d8047f/storage.qcow2 [3msocket[0m[2m=[0m/home/clanker/cbre.WEMt4r/c/smolvm/vms/7088adfab3d8047f/agent.sock [3mmount_count[0m[2m=[0m0
[2m2026-09-12T18:44:41.786194Z[0m [34mDEBUG[0m KVM access verified
[2m2026-09-12T18:44:41.786638Z[0m [32m INFO[0m boot: disks ready [3melapsed_ms[0m[2m=[0m0
[2m2026-09-12T18:44:41.786693Z[0m [32m INFO[0m boot: config written [3melapsed_ms[0m[2m=[0m0
[2m2026-09-12T18:44:41.787201Z[0m [32m INFO[0m boot: subprocess spawned [3mpid[0m[2m=[0m2006185 [3mspawn_ms[0m[2m=[0m0
[2m2026-09-12T18:44:41.787321Z[0m [34mDEBUG[0m waiting for agent to be ready
[2m2026-09-12T18:44:41.891333Z[0m [32m INFO[0m clone agent ready (ping) [3melapsed_ms[0m[2m=[0m104
[2m2026-09-12T18:44:41.891384Z[0m [32m INFO[0m agent VM is ready [3mpid[0m[2m=[0m2006185 [3mboot_ms[0m[2m=[0m104.174984
Machine 'gate-restore' running (PID: 2006185)
[2m2026-09-12T18:44:41.990863Z[0m [34mDEBUG[0m agent manager detached, VM will continue running
[2m2026-09-12T18:44:42.411659Z[0m [34mDEBUG[0m starting smolvm [3mversion[0m[2m=[0m"1.14.1"
Starting machine 'gate-restore' and 1 port mapping(s)...
[2m2026-09-12T18:44:42.413389Z[0m [32m INFO[0m preparing agent VM launch [3mrootfs[0m[2m=[0m/home/clanker/cbre.WEMt4r/agent-rootfs [3mstorage[0m[2m=[0m/home/clanker/cbre.WEMt4r/c/smolvm/vms/7088adfab3d8047f/storage.qcow2 [3msocket[0m[2m=[0m/home/clanker/cbre.WEMt4r/c/smolvm/vms/7088adfab3d8047f/agent.sock [3mmount_count[0m[2m=[0m0
[2m2026-09-12T18:44:42.413407Z[0m [34mDEBUG[0m KVM access verified
[2m2026-09-12T18:44:42.413894Z[0m [32m INFO[0m boot: disks ready [3melapsed_ms[0m[2m=[0m0
[2m2026-09-12T18:44:42.413946Z[0m [32m INFO[0m boot: config written [3melapsed_ms[0m[2m=[0m0
[2m2026-09-12T18:44:42.414502Z[0m [32m INFO[0m boot: subprocess spawned [3mpid[0m[2m=[0m2006244 [3mspawn_ms[0m[2m=[0m0
[2m2026-09-12T18:44:42.414631Z[0m [34mDEBUG[0m waiting for agent to be ready
[2m2026-09-12T18:44:42.659581Z[0m [34mDEBUG[0m agent ready (doorbell) [3melapsed_ms[0m[2m=[0m244
[2m2026-09-12T18:44:42.659605Z[0m [32m INFO[0m agent VM is ready [3mpid[0m[2m=[0m2006244 [3mboot_ms[0m[2m=[0m245.095738
Machine 'gate-restore' running (PID: 2006244)
[2m2026-09-12T18:44:42.687840Z[0m [34mDEBUG[0m agent manager detached, VM will continue running
